--------------------------------------------------------------------------------------
Timing Analyzer Summary
--------------------------------------------------------------------------------------

Type           : Worst-case tsu
Slack          : N/A
Required Time  : None
Actual Time    : 13.500 ns
From           : inputOne[6]
To             : output[6]$latch
From Clock     : --
To Clock       : aluCode[1]
Failed Paths   : 0

Type           : Worst-case tco
Slack          : N/A
Required Time  : None
Actual Time    : 29.400 ns
From           : output[1]$latch
To             : output[1]
From Clock     : aluCode[0]
To Clock       : --
Failed Paths   : 0

Type           : Worst-case th
Slack          : N/A
Required Time  : None
Actual Time    : 7.100 ns
From           : inputOne[1]
To             : output[1]$latch
From Clock     : --
To Clock       : aluCode[0]
Failed Paths   : 0

Type           : Total number of failed paths
Slack          : 
Required Time  : 
Actual Time    : 
From           : 
To             : 
From Clock     : 
To Clock       : 
Failed Paths   : 0

--------------------------------------------------------------------------------------

